[29Jul2026 21:31:11.921] [Server thread/ERROR] [net.minecraft.util.thread.BlockableEventLoop/FATAL]: Error executing task on Server
java.util.concurrent.CompletionException: java.lang.NullPointerException: Cannot invoke "net.minecraft.world.MenuProvider.getClass()" because "menuProvider" is null
	at java.base/java.util.concurrent.CompletableFuture.encodeThrowable(CompletableFuture.java:315) ~[?:?]
	at java.base/java.util.concurrent.CompletableFuture.completeThrowable(CompletableFuture.java:320) ~[?:?]
	at java.base/java.util.concurrent.CompletableFuture$AsyncSupply.run(CompletableFuture.java:1770) ~[?:?]
	at TRANSFORMER/minecraft@1.21.1/net.minecraft.server.TickTask.run(TickTask.java:18) ~[server-1.21.1-20240808.144430-srg.jar%23278!/:?]
	at TRANSFORMER/minecraft@1.21.1/net.minecraft.util.thread.BlockableEventLoop.doRunTask(BlockableEventLoop.java:148) ~[server-1.21.1-20240808.144430-srg.jar%23278!/:?]
	at TRANSFORMER/minecraft@1.21.1/net.minecraft.util.thread.ReentrantBlockableEventLoop.doRunTask(ReentrantBlockableEventLoop.java:23) ~[server-1.21.1-20240808.144430-srg.jar%23278!/:?]
	at TRANSFORMER/minecraft@1.21.1/net.minecraft.server.MinecraftServer.doRunTask(MinecraftServer.java:872) ~[server-1.21.1-20240808.144430-srg.jar%23278!/:?]
	at TRANSFORMER/minecraft@1.21.1/net.minecraft.server.MinecraftServer.doRunTask(MinecraftServer.java:170) ~[server-1.21.1-20240808.144430-srg.jar%23278!/:?]
	at TRANSFORMER/minecraft@1.21.1/net.minecraft.util.thread.BlockableEventLoop.pollTask(BlockableEventLoop.java:122) ~[server-1.21.1-20240808.144430-srg.jar%23278!/:?]
	at TRANSFORMER/minecraft@1.21.1/net.minecraft.server.MinecraftServer.pollTaskInternal(MinecraftServer.java:855) ~[server-1.21.1-20240808.144430-srg.jar%23278!/:?]
	at TRANSFORMER/minecraft@1.21.1/net.minecraft.server.MinecraftServer.pollTask(MinecraftServer.java:849) ~[server-1.21.1-20240808.144430-srg.jar%23278!/:?]
	at TRANSFORMER/minecraft@1.21.1/net.minecraft.util.thread.BlockableEventLoop.managedBlock(BlockableEventLoop.java:132) ~[server-1.21.1-20240808.144430-srg.jar%23278!/:?]
	at TRANSFORMER/minecraft@1.21.1/net.minecraft.server.MinecraftServer.managedBlock(MinecraftServer.java:821) ~[server-1.21.1-20240808.144430-srg.jar%23278!/:?]
	at TRANSFORMER/minecraft@1.21.1/net.minecraft.server.MinecraftServer.mixinextras$bridge$managedBlock$309(MinecraftServer.java) ~[server-1.21.1-20240808.144430-srg.jar%23278!/:?]
	at TRANSFORMER/minecraft@1.21.1/net.minecraft.server.MinecraftServer.wrapOperation$zib000$modernfix$managedBlock(MinecraftServer.java:2154) ~[server-1.21.1-20240808.144430-srg.jar%23278!/:?]
	at TRANSFORMER/minecraft@1.21.1/net.minecraft.server.MinecraftServer.waitUntilNextTick(MinecraftServer.java:826) ~[server-1.21.1-20240808.144430-srg.jar%23278!/:?]
	at TRANSFORMER/minecraft@1.21.1/net.minecraft.server.MinecraftServer.runServer(MinecraftServer.java:712) ~[server-1.21.1-20240808.144430-srg.jar%23278!/:?]
	at TRANSFORMER/minecraft@1.21.1/net.minecraft.server.MinecraftServer.lambda$spin$2(MinecraftServer.java:267) ~[server-1.21.1-20240808.144430-srg.jar%23278!/:?]
	at java.base/java.lang.Thread.run(Thread.java:1583) [?:?]
Caused by: java.lang.NullPointerException: Cannot invoke "net.minecraft.world.MenuProvider.getClass()" because "menuProvider" is null
	at TRANSFORMER/grieflogger@1.2.9-1.21.1/com.daqem.grieflogger.block.container.ContainerHandler.getContainers(ContainerHandler.java:39) ~[grieflogger-1.2.9-1.21.1-neoforge.jar%23351!/:?]
	at TRANSFORMER/minecraft@1.21.1/net.minecraft.server.level.ServerPlayer.handler$epg000$grieflogger$openMenu(ServerPlayer.java:11771) ~[server-1.21.1-20240808.144430-srg.jar%23278!/:?]
	at TRANSFORMER/minecraft@1.21.1/net.minecraft.server.level.ServerPlayer.openMenu(ServerPlayer.java) ~[server-1.21.1-20240808.144430-srg.jar%23278!/:?]
	at TRANSFORMER/create@6.0.10/com.simibubi.create.api.contraption.storage.item.MountedItemStorage.handleInteraction(MountedItemStorage.java:80) ~[create-1.21.1-6.0.10.jar%23309!/:6.0.10]
	at TRANSFORMER/create@6.0.10/com.simibubi.create.content.contraptions.MountedStorageManager.handlePlayerStorageInteraction(MountedStorageManager.java:435) ~[create-1.21.1-6.0.10.jar%23309!/:6.0.10]
	at TRANSFORMER/create@6.0.10/com.simibubi.create.content.contraptions.AbstractContraptionEntity.handlePlayerInteraction(AbstractContraptionEntity.java:295) ~[create-1.21.1-6.0.10.jar%23309!/:6.0.10]
	at TRANSFORMER/create@6.0.10/com.simibubi.create.content.contraptions.sync.ContraptionInteractionPacket.handle(ContraptionInteractionPacket.java:53) ~[create-1.21.1-6.0.10.jar%23309!/:6.0.10]
	at TRANSFORMER/ponder@1.0.82+mc1.21.1/net.createmod.catnip.platform.NeoForgeNetworkHelper.lambda$registerPackets$2(NeoForgeNetworkHelper.java:48) ~[ponder-neoforge-1.0.82+mc1.21.1.jar%23646!/:1.0.82+mc1.21.1]
	at TRANSFORMER/neoforge@21.1.244/net.neoforged.neoforge.network.handling.ServerPayloadContext.enqueueWork(ServerPayloadContext.java:32) ~[neoforge-21.1.244-universal.jar%23279!/:?]
	at TRANSFORMER/ponder@1.0.82+mc1.21.1/net.createmod.catnip.platform.NeoForgeNetworkHelper.lambda$registerPackets$3(NeoForgeNetworkHelper.java:47) ~[ponder-neoforge-1.0.82+mc1.21.1.jar%23646!/:1.0.82+mc1.21.1]
	at TRANSFORMER/neoforge@21.1.244/net.neoforged.neoforge.network.handling.MainThreadPayloadHandler.lambda$handle$0(MainThreadPayloadHandler.java:16) ~[neoforge-21.1.244-universal.jar%23279!/:?]
	at TRANSFORMER/minecraft@1.21.1/net.minecraft.util.thread.BlockableEventLoop.lambda$submitAsync$0(BlockableEventLoop.java:60) ~[server-1.21.1-20240808.144430-srg.jar%23278!/:?]
	at java.base/java.util.concurrent.CompletableFuture$AsyncSupply.run(CompletableFuture.java:1768) ~[?:?]
	... 16 more
[29Jul2026 21:31:11.923] [Server thread/ERROR] [net.neoforged.neoforge.network.registration.NetworkRegistry/]: Failed to process a synchronized task of the payload: create:contraption_interact
java.util.concurrent.CompletionException: java.lang.NullPointerException: Cannot invoke "net.minecraft.world.MenuProvider.getClass()" because "menuProvider" is null
	at java.base/java.util.concurrent.CompletableFuture.encodeThrowable(CompletableFuture.java:315) ~[?:?]
	at java.base/java.util.concurrent.CompletableFuture.completeThrowable(CompletableFuture.java:320) ~[?:?]
	at java.base/java.util.concurrent.CompletableFuture$AsyncSupply.run(CompletableFuture.java:1770) ~[?:?]
	at TRANSFORMER/minecraft@1.21.1/net.minecraft.server.TickTask.run(TickTask.java:18) ~[server-1.21.1-20240808.144430-srg.jar%23278!/:?]
	at TRANSFORMER/minecraft@1.21.1/net.minecraft.util.thread.BlockableEventLoop.doRunTask(BlockableEventLoop.java:148) ~[server-1.21.1-20240808.144430-srg.jar%23278!/:?]
	at TRANSFORMER/minecraft@1.21.1/net.minecraft.util.thread.ReentrantBlockableEventLoop.doRunTask(ReentrantBlockableEventLoop.java:23) ~[server-1.21.1-20240808.144430-srg.jar%23278!/:?]
	at TRANSFORMER/minecraft@1.21.1/net.minecraft.server.MinecraftServer.doRunTask(MinecraftServer.java:872) ~[server-1.21.1-20240808.144430-srg.jar%23278!/:?]
	at TRANSFORMER/minecraft@1.21.1/net.minecraft.server.MinecraftServer.doRunTask(MinecraftServer.java:170) ~[server-1.21.1-20240808.144430-srg.jar%23278!/:?]
	at TRANSFORMER/minecraft@1.21.1/net.minecraft.util.thread.BlockableEventLoop.pollTask(BlockableEventLoop.java:122) ~[server-1.21.1-20240808.144430-srg.jar%23278!/:?]
	at TRANSFORMER/minecraft@1.21.1/net.minecraft.server.MinecraftServer.pollTaskInternal(MinecraftServer.java:855) ~[server-1.21.1-20240808.144430-srg.jar%23278!/:?]
	at TRANSFORMER/minecraft@1.21.1/net.minecraft.server.MinecraftServer.pollTask(MinecraftServer.java:849) ~[server-1.21.1-20240808.144430-srg.jar%23278!/:?]
	at TRANSFORMER/minecraft@1.21.1/net.minecraft.util.thread.BlockableEventLoop.managedBlock(BlockableEventLoop.java:132) ~[server-1.21.1-20240808.144430-srg.jar%23278!/:?]
	at TRANSFORMER/minecraft@1.21.1/net.minecraft.server.MinecraftServer.managedBlock(MinecraftServer.java:821) ~[server-1.21.1-20240808.144430-srg.jar%23278!/:?]
	at TRANSFORMER/minecraft@1.21.1/net.minecraft.server.MinecraftServer.mixinextras$bridge$managedBlock$309(MinecraftServer.java) ~[server-1.21.1-20240808.144430-srg.jar%23278!/:?]
	at TRANSFORMER/minecraft@1.21.1/net.minecraft.server.MinecraftServer.wrapOperation$zib000$modernfix$managedBlock(MinecraftServer.java:2154) ~[server-1.21.1-20240808.144430-srg.jar%23278!/:?]
	at TRANSFORMER/minecraft@1.21.1/net.minecraft.server.MinecraftServer.waitUntilNextTick(MinecraftServer.java:826) ~[server-1.21.1-20240808.144430-srg.jar%23278!/:?]
	at TRANSFORMER/minecraft@1.21.1/net.minecraft.server.MinecraftServer.runServer(MinecraftServer.java:712) ~[server-1.21.1-20240808.144430-srg.jar%23278!/:?]
	at TRANSFORMER/minecraft@1.21.1/net.minecraft.server.MinecraftServer.lambda$spin$2(MinecraftServer.java:267) ~[server-1.21.1-20240808.144430-srg.jar%23278!/:?]
	at java.base/java.lang.Thread.run(Thread.java:1583) [?:?]
Caused by: java.lang.NullPointerException: Cannot invoke "net.minecraft.world.MenuProvider.getClass()" because "menuProvider" is null
	at TRANSFORMER/grieflogger@1.2.9-1.21.1/com.daqem.grieflogger.block.container.ContainerHandler.getContainers(ContainerHandler.java:39) ~[grieflogger-1.2.9-1.21.1-neoforge.jar%23351!/:?]
	at TRANSFORMER/minecraft@1.21.1/net.minecraft.server.level.ServerPlayer.handler$epg000$grieflogger$openMenu(ServerPlayer.java:11771) ~[server-1.21.1-20240808.144430-srg.jar%23278!/:?]
	at TRANSFORMER/minecraft@1.21.1/net.minecraft.server.level.ServerPlayer.openMenu(ServerPlayer.java) ~[server-1.21.1-20240808.144430-srg.jar%23278!/:?]
	at TRANSFORMER/create@6.0.10/com.simibubi.create.api.contraption.storage.item.MountedItemStorage.handleInteraction(MountedItemStorage.java:80) ~[create-1.21.1-6.0.10.jar%23309!/:6.0.10]
	at TRANSFORMER/create@6.0.10/com.simibubi.create.content.contraptions.MountedStorageManager.handlePlayerStorageInteraction(MountedStorageManager.java:435) ~[create-1.21.1-6.0.10.jar%23309!/:6.0.10]
	at TRANSFORMER/create@6.0.10/com.simibubi.create.content.contraptions.AbstractContraptionEntity.handlePlayerInteraction(AbstractContraptionEntity.java:295) ~[create-1.21.1-6.0.10.jar%23309!/:6.0.10]
	at TRANSFORMER/create@6.0.10/com.simibubi.create.content.contraptions.sync.ContraptionInteractionPacket.handle(ContraptionInteractionPacket.java:53) ~[create-1.21.1-6.0.10.jar%23309!/:6.0.10]
	at TRANSFORMER/ponder@1.0.82+mc1.21.1/net.createmod.catnip.platform.NeoForgeNetworkHelper.lambda$registerPackets$2(NeoForgeNetworkHelper.java:48) ~[ponder-neoforge-1.0.82+mc1.21.1.jar%23646!/:1.0.82+mc1.21.1]
	at TRANSFORMER/neoforge@21.1.244/net.neoforged.neoforge.network.handling.ServerPayloadContext.enqueueWork(ServerPayloadContext.java:32) ~[neoforge-21.1.244-universal.jar%23279!/:?]
	at TRANSFORMER/ponder@1.0.82+mc1.21.1/net.createmod.catnip.platform.NeoForgeNetworkHelper.lambda$registerPackets$3(NeoForgeNetworkHelper.java:47) ~[ponder-neoforge-1.0.82+mc1.21.1.jar%23646!/:1.0.82+mc1.21.1]
	at TRANSFORMER/neoforge@21.1.244/net.neoforged.neoforge.network.handling.MainThreadPayloadHandler.lambda$handle$0(MainThreadPayloadHandler.java:16) ~[neoforge-21.1.244-universal.jar%23279!/:?]
	at TRANSFORMER/minecraft@1.21.1/net.minecraft.util.thread.BlockableEventLoop.lambda$submitAsync$0(BlockableEventLoop.java:60) ~[server-1.21.1-20240808.144430-srg.jar%23278!/:?]
	at java.base/java.util.concurrent.CompletableFuture$AsyncSupply.run(CompletableFuture.java:1768) ~[?:?]
	... 16 more
[29Jul2026 21:31:27.176] [Server thread/WARN] [Railways/ShadowRealm/]: Received TrainRelocationPacket for train id f76c56ab-5f4e-43e4-8985-35ed221f3980 but no shadow train was found
[29Jul2026 21:31:27.176] [Server thread/WARN] [Railways/ShadowRealm/]: However, a train with id f76c56ab-5f4e-43e4-8985-35ed221f3980 and shadow key [null] was found: 'Unnamed Train'
[29Jul2026 21:31:41.142] [Server thread/WARN] [Railways/ShadowRealm/]: Received TrainRelocationPacket for train id 173560c7-8b1d-4162-9867-bc68a5660e69 but no shadow train was found
[29Jul2026 21:31:41.143] [Server thread/WARN] [Railways/ShadowRealm/]: However, a train with id 173560c7-8b1d-4162-9867-bc68a5660e69 and shadow key [null] was found: 'Unnamed Train'
[29Jul2026 21:31:49.402] [Server thread/INFO] [net.minecraft.server.MinecraftServer/]: [tuxmango: Teleported tuxmango to -0.500000, 63.500000, 4989.500000]
[29Jul2026 21:31:57.280] [Server thread/WARN] [Railways/ShadowRealm/]: Received TrainRelocationPacket for train id 797e98e7-9cbf-4808-a3f8-20f9439f6bce but no shadow train was found
[29Jul2026 21:31:57.280] [Server thread/WARN] [Railways/ShadowRealm/]: However, a train with id 797e98e7-9cbf-4808-a3f8-20f9439f6bce and shadow key [null] was found: 'Pink'
[29Jul2026 21:32:17.994] [Server thread/INFO] [net.minecraft.server.MinecraftServer/]: [tuxmango: Teleported tuxmango to 6.500000, 93.500000, 221.500000]
